// Jest Snapshot v1, https://goo.gl/fbAQLP

exports[`should collect data 1`] = `
{
  "collectedEntities": [
    {
      "_class": [
        "Account",
      ],
      "_key": "sentinelone_account-local-integration-instance",
      "_rawData": [],
      "_type": "sentinelone_account",
      "createdOn": undefined,
      "displayName": "Local Integration",
      "name": "Local Integration",
      "vendor": "SentinelOne",
    },
  ],
  "collectedRelationships": [],
  "encounteredTypes": [
    "sentinelone_account",
  ],
  "numCollectedEntities": 1,
  "numCollectedRelationships": 0,
}
`;
